2026-08-15 11:30:51,098 [INFO] ========== 每日数据更新开始 ==========
2026-08-15 11:30:51,099 [INFO] [1/3] 获取最新股票列表 (getStockBasic)...
2026-08-15 11:30:51,395 [ERROR] getStockBasic 执行失败: 抱歉，您访问接口(stock_basic)频率超限(1次/小时)，具体频次详情：https://tushare.pro/document/1?doc_id=108。
2026-08-15 14:42:46,196 [INFO] ========== 每日数据更新开始 ==========
2026-08-15 14:42:46,196 [INFO] [1/3] 获取最新股票列表 (getStockBasic)...
2026-08-15 14:42:46,470 [ERROR] getStockBasic 执行失败: 抱歉，您访问接口(stock_basic)频率超限(5次/天)，具体频次详情：https://tushare.pro/document/1?doc_id=108。
2026-08-19 14:27:42,744 [INFO] ========== 每日数据更新开始 ==========
2026-08-19 14:27:42,744 [INFO] [1/4] 获取最新股票列表 (getStockBasic)...
2026-08-19 14:27:43,647 [INFO] 获取到 5547 只股票基本信息
2026-08-19 14:27:43,647 [INFO] [2/4] 载入股票基本信息到总表 (loadAllBasic)...
2026-08-19 14:28:05,420 [INFO] 股票基本信息载入完成
2026-08-19 14:28:05,420 [INFO] [3/4] 为新股票创建日线表 (createStockTable)...
2026-08-19 14:28:27,366 [INFO] 新股票建表完成
2026-08-19 14:28:27,366 [INFO] [4/4] 加载日线数据 (20260812 ~ 20260819)...
2026-08-19 14:28:44,446 [ERROR] 日线数据加载失败: 抱歉，您访问接口(daily)频率超限(50次/分钟)，具体频次详情：https://tushare.pro/document/1?doc_id=108。
2026-08-19 14:30:07,078 [INFO] ========== 每日数据更新开始 ==========
2026-08-19 14:30:07,078 [INFO] [1/4] 获取最新股票列表 (getStockBasic)...
2026-08-19 14:30:07,480 [ERROR] getStockBasic 执行失败: 抱歉，您访问接口(stock_basic)频率超限(1次/小时)，具体频次详情：https://tushare.pro/document/1?doc_id=108。
2026-08-19 20:29:18,358 [INFO] ========== 每日数据更新开始 ==========
2026-08-19 20:29:18,359 [INFO] [1/4] 获取最新股票列表 (getStockBasic)...
2026-08-19 20:29:20,080 [ERROR] getStockBasic 执行失败: 抱歉，您访问接口(stock_basic)频率超限(1次/小时)，具体频次详情：https://tushare.pro/document/1?doc_id=108。
2026-08-19 20:35:17,172 [INFO] ========== 每日数据更新开始 ==========
2026-08-19 20:35:17,172 [INFO] [1/4] 获取股票列表...
2026-08-19 20:35:17,522 [INFO] 从数据库读取到 5546 只股票基本信息（跳过API调用）
2026-08-19 20:35:17,522 [INFO] [2/4] 载入股票基本信息到总表 (loadAllBasic)...
2026-08-19 20:35:37,295 [INFO] 股票基本信息载入完成
2026-08-19 20:35:37,296 [INFO] [3/4] 为新股票创建日线表 (createStockTable)...
2026-08-19 20:38:51,334 [INFO] ========== 每日数据更新开始 ==========
2026-08-19 20:38:51,335 [INFO] [1/4] 获取股票列表...
2026-08-19 20:38:51,456 [INFO] 从数据库读取到 5546 只股票基本信息（跳过API调用）
2026-08-19 20:38:51,456 [INFO] [2/4] 载入股票基本信息到总表 (loadAllBasic)...
2026-08-19 20:39:05,399 [INFO] 股票基本信息载入完成
2026-08-19 20:39:05,400 [INFO] [3/4] 为新股票创建日线表 (createStockTable)...
2026-08-19 20:39:18,145 [INFO] 新股票建表完成
2026-08-19 20:39:18,145 [INFO] [4/4] 加载日线数据 (20260812 ~ 20260819)...
2026-08-19 20:46:01,689 [ERROR] 日线数据加载失败: HTTPConnectionPool(host='api.waditu.com', port=80): Read timed out. (read timeout=30)
2026-08-19 20:51:21,548 [INFO] ========== 每日数据更新开始 ==========
2026-08-19 20:51:21,548 [INFO] [1/4] 获取股票列表...
2026-08-19 20:51:21,675 [INFO] 从数据库读取到 5546 只股票基本信息（跳过API调用）
2026-08-19 20:51:21,675 [INFO] [2/4] 载入股票基本信息到总表 (loadAllBasic)...
2026-08-19 20:51:37,543 [INFO] 股票基本信息载入完成
2026-08-19 20:51:37,544 [INFO] [3/4] 为新股票创建日线表 (createStockTable)...
2026-08-19 20:51:53,839 [INFO] 新股票建表完成
2026-08-19 20:51:53,839 [INFO] [4/4] 加载日线数据 (20260812 ~ 20260819)...
2026-08-20 20:00:05,566 [INFO] ========== 每日数据更新开始 ==========
2026-08-20 20:00:05,568 [INFO] [1/4] 获取股票列表...
2026-08-20 20:00:06,103 [INFO] 从数据库读取到 5546 只股票基本信息（跳过API调用）
2026-08-20 20:00:06,104 [INFO] [2/4] 载入股票基本信息到总表 (loadAllBasic)...
2026-08-20 20:00:30,791 [INFO] 股票基本信息载入完成
2026-08-20 20:00:30,792 [INFO] [3/4] 为新股票创建日线表 (createStockTable)...
2026-08-20 20:00:48,687 [INFO] 新股票建表完成
2026-08-20 20:00:48,687 [INFO] [4/4] 加载日线数据 (20260813 ~ 20260820)...
2026-08-22 08:09:03,173 [INFO] ========== 每日数据更新开始 ==========
2026-08-22 08:09:03,175 [INFO] [1/4] 获取股票列表...
2026-08-22 08:09:03,779 [INFO] 从数据库读取到 5546 只股票基本信息（跳过API调用）
2026-08-22 08:09:03,780 [INFO] [2/4] 载入股票基本信息到总表 (loadAllBasic)...
2026-08-22 08:09:18,344 [INFO] 股票基本信息载入完成
2026-08-22 08:09:18,344 [INFO] [3/4] 为新股票创建日线表 (createStockTable)...
2026-08-22 08:09:33,584 [INFO] 新股票建表完成
2026-08-22 08:09:33,585 [INFO] [4/4] 加载日线数据 (20260815 ~ 20260822)...
2026-08-22 20:49:28,777 [INFO] ========== 每日数据更新开始 ==========
2026-08-22 20:49:28,778 [INFO] [1/4] 获取股票列表...
2026-08-22 20:49:30,821 [ERROR] getStockBasic 执行失败: HTTPConnectionPool(host='api.waditu.com', port=80): Max retries exceeded with url: /dataapi/stock_basic (Caused by NameResolutionError("HTTPConnection(host='api.waditu.com', port=80): Failed to resolve 'api.waditu.com' ([Errno 11001] getaddrinfo failed)"))
2026-08-23 20:44:02,229 [INFO] ========== 每日数据更新开始 ==========
2026-08-23 20:44:02,253 [INFO] [1/4] 获取股票列表...
2026-08-23 20:44:14,539 [ERROR] getStockBasic 执行失败: HTTPConnectionPool(host='api.waditu.com', port=80): Max retries exceeded with url: /dataapi/stock_basic (Caused by NameResolutionError("HTTPConnection(host='api.waditu.com', port=80): Failed to resolve 'api.waditu.com' ([Errno 11001] getaddrinfo failed)"))
2026-08-24 21:19:57,349 [INFO] ========== 每日数据更新开始 ==========
2026-08-24 21:19:57,375 [INFO] [1/4] 获取股票列表...
2026-08-24 21:20:00,047 [ERROR] getStockBasic 执行失败: 抱歉，您访问接口(stock_basic)频率超限(1次/小时)，具体频次详情：https://tushare.pro/document/1?doc_id=108。
2026-08-26 22:33:32,811 [INFO] ========== 每日数据更新开始 ==========
2026-08-26 22:33:32,812 [INFO] [1/6] 获取股票列表...
2026-08-26 22:33:37,030 [INFO] 从API获取到 5550 只股票基本信息
2026-08-26 22:33:37,030 [INFO] [2/6] 载入股票基本信息到总表 (loadAllBasic)...
2026-08-26 22:33:50,401 [INFO] 股票基本信息载入完成
2026-08-26 22:33:50,401 [INFO] [3/6] 为新股票创建日线表 (createStockTable)...
2026-08-26 22:34:03,041 [INFO] 新股票建表完成
2026-08-26 22:34:03,041 [INFO] [4/6] 增量加载日线数据...
2026-08-28 08:55:10,498 [INFO] ========== 每日数据更新开始 ==========
2026-08-28 08:55:10,504 [INFO] [1/6] 获取股票列表...
2026-08-28 08:55:11,336 [INFO] 从API获取到 5550 只股票基本信息
2026-08-28 08:55:11,337 [INFO] [2/6] 载入股票基本信息到总表 (loadAllBasic)...
2026-08-28 08:55:50,933 [INFO] 股票基本信息载入完成
2026-08-28 08:55:50,935 [INFO] [3/6] 为新股票创建日线表 (createStockTable)...
2026-08-28 08:56:13,153 [INFO] 新股票建表完成
2026-08-28 08:56:13,153 [INFO] [4/6] 增量加载日线数据...
2026-08-28 20:03:39,458 [INFO] ========== 每日数据更新开始 ==========
2026-08-28 20:03:39,465 [INFO] [1/6] 获取股票列表...
2026-08-28 20:03:53,130 [INFO] 从API获取到 5551 只股票基本信息
2026-08-28 20:03:53,134 [INFO] [2/6] 载入股票基本信息到总表 (loadAllBasic)...
2026-08-28 20:04:56,104 [INFO] 股票基本信息载入完成
2026-08-28 20:04:56,104 [INFO] [3/6] 为新股票创建日线表 (createStockTable)...
2026-08-29 20:00:04,193 [INFO] ========== 每日数据更新开始 ==========
2026-08-29 20:00:04,194 [INFO] [1/6] 获取股票列表...
2026-08-29 20:00:07,696 [INFO] 从API获取到 5551 只股票基本信息
2026-08-29 20:00:07,696 [INFO] [2/6] 载入股票基本信息到总表 (loadAllBasic)...
2026-08-29 20:00:27,540 [INFO] 股票基本信息载入完成
2026-08-29 20:00:27,540 [INFO] [3/6] 确保 st_daily 日线表存在...
2026-08-29 20:00:27,584 [INFO] st_daily 表检查完成
2026-08-29 20:00:27,584 [INFO] [4/6] 增量加载日线数据...
2026-08-29 21:48:43,369 [INFO] 日线数据加载完成
2026-08-29 21:48:43,375 [INFO] [5/6] 检查 st_daily 日线表...
2026-08-29 21:48:43,467 [INFO] st_daily汇总完成
2026-08-29 21:48:43,467 [INFO] [6/6] 执行放量涨幅筛选...
2026-08-29 21:48:44,586 [INFO] 放量涨幅筛选完成，命中 14 只股票
2026-08-29 21:48:44,586 [INFO] ========== 每日数据更新完成 ==========
2026-08-29 22:01:41,383 [INFO] 2026-08-29 是周末，跳过股票数据更新
2026-08-29 22:01:41,741 [INFO] 2026-10-01 是 A 股休市日，跳过股票数据更新
2026-08-29 22:01:41,978 [ERROR] 查询 20260828 交易日历失败，保守跳过本次更新: 抱歉，您访问接口(trade_cal)频率超限(1次/分钟)，具体频次详情：https://tushare.pro/document/1?doc_id=108。
2026-08-31 09:06:16,931 [INFO] ========== 每日数据更新开始 ==========
2026-08-31 09:06:17,419 [INFO] [1/6] 获取股票列表...
2026-08-31 09:06:21,686 [INFO] 从API获取到 5551 只股票基本信息
2026-08-31 09:06:21,687 [INFO] [2/6] 载入股票基本信息到总表 (loadAllBasic)...
2026-08-31 09:06:40,753 [INFO] 股票基本信息载入完成
2026-08-31 09:06:40,754 [INFO] [3/6] 确保 st_daily 日线表存在...
2026-08-31 09:06:40,792 [INFO] st_daily 表检查完成
2026-08-31 09:06:40,793 [INFO] [4/6] 增量加载日线数据...
2026-08-31 10:55:38,372 [INFO] 日线数据加载完成
2026-08-31 10:55:38,388 [INFO] [5/6] 检查 st_daily 日线表...
2026-08-31 10:55:38,542 [INFO] st_daily汇总完成
2026-08-31 10:55:38,542 [INFO] [6/6] 执行放量涨幅筛选...
2026-08-31 10:55:39,272 [INFO] 放量涨幅筛选完成，命中 14 只股票
2026-08-31 10:55:39,272 [INFO] ========== 每日数据更新完成 ==========
2026-08-31 13:51:37,247 [INFO] ========== 每日数据更新开始 ==========
2026-08-31 13:51:38,363 [ERROR] 查询 20260831 交易日历失败，保守跳过本次更新: 抱歉，您访问接口(trade_cal)频率超限(1次/小时)，具体频次详情：https://tushare.pro/document/1?doc_id=108。
2026-08-31 13:51:38,364 [INFO] ========== 非交易日，本次任务结束 ==========
2026-08-31 16:08:33,100 [INFO] ========== 每日数据更新开始 ==========
2026-08-31 16:08:34,428 [ERROR] 查询 20260831 交易日历失败，保守跳过本次更新: 抱歉，您访问接口(trade_cal)频率超限(5次/天)，具体频次详情：https://tushare.pro/document/1?doc_id=108。
2026-08-31 16:08:34,430 [INFO] ========== 非交易日，本次任务结束 ==========
2026-08-31 16:36:02,723 [INFO] 2026-08-29 是周末，跳过股票数据更新
2026-08-31 16:36:25,852 [INFO] ========== 每日数据更新开始 ==========
2026-08-31 16:36:25,853 [INFO] [1/6] 获取股票列表...
2026-08-31 16:36:28,011 [INFO] 从API获取到 5895 只股票基本信息
2026-08-31 16:36:28,011 [INFO] [2/6] 载入股票基本信息到总表 (loadAllBasic)...
2026-08-31 16:36:54,474 [INFO] 股票基本信息载入完成
2026-08-31 16:36:54,474 [INFO] [3/6] 确保 st_daily 日线表存在...
2026-08-31 16:36:54,551 [INFO] st_daily 表检查完成
2026-08-31 16:36:54,552 [INFO] [4/6] 增量加载日线数据...
2026-08-31 16:37:01,085 [INFO] 日线数据加载完成
2026-08-31 16:37:01,085 [INFO] [5/6] 检查 st_daily 日线表...
2026-08-31 16:37:01,246 [INFO] st_daily汇总完成
2026-08-31 16:37:01,247 [INFO] [6/6] 执行放量涨幅筛选...
2026-08-31 16:37:01,922 [INFO] 放量涨幅筛选完成，命中 39 只股票
2026-08-31 16:37:01,922 [INFO] ========== 每日数据更新完成 ==========
2026-09-02 08:54:29,692 [INFO] ========== 每日数据更新开始 ==========
2026-09-02 08:54:29,924 [INFO] [1/6] 获取股票列表...
2026-09-02 08:54:50,185 [INFO] 从API获取到 5553 只股票基本信息
2026-09-02 08:54:50,199 [INFO] [2/6] 载入股票基本信息到总表 (loadAllBasic)...
2026-09-02 08:55:22,315 [INFO] 股票基本信息载入完成
2026-09-02 08:55:22,316 [INFO] [3/6] 确保 st_daily 日线表存在...
2026-09-02 08:55:22,451 [INFO] st_daily 表检查完成
2026-09-02 08:55:22,451 [INFO] [4/6] 增量加载日线数据...
2026-09-02 08:55:43,382 [INFO] 日线数据加载完成
2026-09-02 08:55:43,382 [INFO] [5/6] 检查 st_daily 日线表...
2026-09-02 08:55:43,555 [INFO] st_daily汇总完成
2026-09-02 08:55:43,555 [INFO] [6/6] 执行放量涨幅筛选...
2026-09-02 08:55:55,313 [INFO] 放量涨幅筛选完成，命中 23 只股票
2026-09-02 08:55:55,314 [INFO] ========== 每日数据更新完成 ==========
2026-09-02 20:00:07,095 [INFO] ========== 每日数据更新开始 ==========
2026-09-02 20:00:07,097 [INFO] [1/6] 获取股票列表...
2026-09-02 20:00:15,787 [INFO] 从API获取到 5554 只股票基本信息
2026-09-02 20:00:15,787 [INFO] [2/6] 载入股票基本信息到总表 (loadAllBasic)...
2026-09-02 20:00:41,974 [INFO] 股票基本信息载入完成
2026-09-02 20:00:41,974 [INFO] [3/6] 确保 st_daily 日线表存在...
2026-09-02 20:00:42,066 [INFO] st_daily 表检查完成
2026-09-02 20:00:42,066 [INFO] [4/6] 增量加载日线数据...
2026-09-02 20:01:02,874 [INFO] 日线数据加载完成
2026-09-02 20:01:02,874 [INFO] [5/6] 检查 st_daily 日线表...
2026-09-02 20:01:03,061 [INFO] st_daily汇总完成
2026-09-02 20:01:03,061 [INFO] [6/6] 执行放量涨幅筛选...
2026-09-02 20:01:09,380 [INFO] 放量涨幅筛选完成，命中 18 只股票
2026-09-02 20:01:09,380 [INFO] ========== 每日数据更新完成 ==========
2026-09-03 20:00:07,529 [INFO] ========== 每日数据更新开始 ==========
2026-09-03 20:00:07,529 [INFO] [1/6] 获取股票列表...
2026-09-03 20:00:20,362 [INFO] 从API获取到 5555 只股票基本信息
2026-09-03 20:00:20,362 [INFO] [2/6] 载入股票基本信息到总表 (loadAllBasic)...
2026-09-03 20:00:48,059 [INFO] 股票基本信息载入完成
2026-09-03 20:00:48,059 [INFO] [3/6] 确保 st_daily 日线表存在...
2026-09-03 20:00:48,130 [INFO] st_daily 表检查完成
2026-09-03 20:00:48,130 [INFO] [4/6] 增量加载日线数据...
2026-09-03 20:00:55,082 [INFO] 日线数据加载完成
2026-09-03 20:00:55,082 [INFO] [5/6] 检查 st_daily 日线表...
2026-09-03 20:00:55,271 [INFO] st_daily汇总完成
2026-09-03 20:00:55,271 [INFO] [6/6] 执行放量涨幅筛选...
2026-09-03 20:00:59,452 [INFO] 放量涨幅筛选完成，命中 15 只股票
2026-09-03 20:00:59,452 [INFO] ========== 每日数据更新完成 ==========
2026-09-04 20:00:05,259 [INFO] ========== 每日数据更新开始 ==========
2026-09-04 20:00:05,259 [INFO] [1/6] 获取股票列表...
2026-09-04 20:00:10,692 [INFO] 从API获取到 5556 只股票基本信息
2026-09-04 20:00:10,692 [INFO] [2/6] 载入股票基本信息到总表 (loadAllBasic)...
2026-09-04 20:00:31,449 [INFO] 股票基本信息载入完成
2026-09-04 20:00:31,449 [INFO] [3/6] 确保 st_daily 日线表存在...
2026-09-04 20:00:31,498 [INFO] st_daily 表检查完成
2026-09-04 20:00:31,498 [INFO] [4/6] 增量加载日线数据...
2026-09-04 20:00:34,497 [INFO] 日线数据加载完成
2026-09-04 20:00:34,497 [INFO] [5/6] 检查 st_daily 日线表...
2026-09-04 20:00:34,601 [INFO] st_daily汇总完成
2026-09-04 20:00:34,601 [INFO] [6/6] 执行放量涨幅筛选...
2026-09-04 20:00:35,523 [INFO] 放量涨幅筛选完成，命中 23 只股票
2026-09-04 20:00:35,523 [INFO] ========== 每日数据更新完成 ==========
2026-09-05 20:02:11,546 [INFO] ========== 每日数据更新开始 ==========
2026-09-05 20:02:11,548 [INFO] 2026-09-05 是周末，跳过股票数据更新
2026-09-05 20:02:11,550 [INFO] ========== 非交易日，本次任务结束 ==========
2026-09-07 20:00:04,748 [INFO] ========== 每日数据更新开始 ==========
2026-09-07 20:00:04,749 [INFO] [1/6] 获取股票列表...
2026-09-07 20:00:05,634 [INFO] 从API获取到 5895 只股票基本信息
2026-09-07 20:00:05,634 [INFO] [2/6] 载入股票基本信息到总表 (loadAllBasic)...
2026-09-07 20:00:24,319 [INFO] 股票基本信息载入完成
2026-09-07 20:00:24,319 [INFO] [3/6] 确保 st_daily 日线表存在...
2026-09-07 20:00:24,375 [INFO] st_daily 表检查完成
2026-09-07 20:00:24,376 [INFO] [4/6] 增量加载日线数据...
2026-09-07 20:00:27,190 [INFO] 日线数据加载完成
2026-09-07 20:00:27,190 [INFO] [5/6] 检查 st_daily 日线表...
2026-09-07 20:00:27,334 [INFO] st_daily汇总完成
2026-09-07 20:00:27,334 [INFO] [6/6] 执行放量涨幅筛选...
2026-09-07 20:00:27,897 [INFO] 放量涨幅筛选完成，命中 16 只股票
2026-09-07 20:00:27,897 [INFO] ========== 每日数据更新完成 ==========
2026-09-08 20:00:04,266 [INFO] ========== 每日数据更新开始 ==========
2026-09-08 20:00:04,267 [INFO] [1/6] 获取股票列表...
2026-09-08 20:00:10,757 [INFO] 从API获取到 5895 只股票基本信息
2026-09-08 20:00:10,757 [INFO] [2/6] 载入股票基本信息到总表 (loadAllBasic)...
2026-09-08 20:00:31,403 [INFO] 股票基本信息载入完成
2026-09-08 20:00:31,403 [INFO] [3/6] 确保 st_daily 日线表存在...
2026-09-08 20:00:31,435 [INFO] st_daily 表检查完成
2026-09-08 20:00:31,436 [INFO] [4/6] 增量加载日线数据...
2026-09-08 20:00:40,959 [INFO] 日线数据加载完成
2026-09-08 20:00:40,959 [INFO] [5/6] 检查 st_daily 日线表...
2026-09-08 20:00:41,099 [INFO] st_daily汇总完成
2026-09-08 20:00:41,099 [INFO] [6/6] 执行放量涨幅筛选...
2026-09-08 20:00:42,328 [INFO] 放量涨幅筛选完成，命中 29 只股票
2026-09-08 20:00:42,328 [INFO] ========== 每日数据更新完成 ==========
