2026-08-21 00:00:04,190 [INFO] ========== 全策略筛选开始 ==========
2026-08-21 00:00:04,190 [INFO] 筛选区间: 20260722 ~ 20260821
2026-08-21 00:00:04,190 [INFO] --- [1/6] 放量涨幅筛选 ---
2026-08-21 00:00:04,553 [INFO] 放量涨幅: 1 只
2026-08-21 00:00:04,554 [INFO] --- [2/6] 巨量上涨筛选 ---
2026-08-21 00:00:41,482 [ERROR] 巨量上涨筛选失败: HTTPConnectionPool(host='api.waditu.com', port=80): Read timed out. (read timeout=30)
2026-08-21 00:00:41,482 [INFO] --- [3/6] 向上跳空缺口筛选 ---
2026-08-21 00:00:52,735 [ERROR] 向上跳空缺口筛选失败: ('Connection aborted.', RemoteDisconnected('Remote end closed connection without response'))
2026-08-21 00:00:52,736 [INFO] --- [4/6] 跳空上涨筛选 ---
2026-08-21 00:00:52,783 [ERROR] 跳空上涨筛选失败: ('Connection aborted.', RemoteDisconnected('Remote end closed connection without response'))
2026-08-21 00:00:52,783 [INFO] --- [5/6] 翻倍股筛选 ---
2026-08-21 00:00:54,899 [INFO] 翻倍股: 0 只
2026-08-21 00:00:54,899 [INFO] --- [6/6] 放量日筛选 ---
2026-08-21 00:00:54,931 [ERROR] 放量日筛选失败: ('Connection aborted.', RemoteDisconnected('Remote end closed connection without response'))
2026-08-21 00:00:54,931 [INFO] ========== 策略筛选结果汇总 ==========
2026-08-21 00:00:54,931 [INFO]   放量涨幅: 1 只
2026-08-21 00:00:54,931 [INFO]     000056.SZ
2026-08-21 00:00:54,932 [INFO]   翻倍股: 0 只
2026-08-21 00:00:54,932 [INFO]   合计信号数: 1
2026-08-21 00:00:54,932 [INFO] ========== 全策略筛选完成 ==========
2026-08-23 00:47:27,618 [INFO] ========== 全策略筛选开始 ==========
2026-08-23 00:47:27,618 [INFO] 筛选区间: 20260724 ~ 20260823
2026-08-23 00:47:27,618 [INFO] --- [1/5] 巨量上涨筛选 ---
2026-08-23 00:47:28,057 [ERROR] 巨量上涨筛选失败: ('Connection aborted.', ConnectionResetError(10054, 'An existing connection was forcibly closed by the remote host', None, 10054, None))
2026-08-23 00:47:28,063 [INFO] --- [2/5] 向上跳空缺口筛选 ---
2026-08-23 00:47:28,085 [ERROR] 向上跳空缺口筛选失败: ('Connection aborted.', ConnectionResetError(10054, 'An existing connection was forcibly closed by the remote host', None, 10054, None))
2026-08-23 00:47:28,087 [INFO] --- [3/5] 跳空上涨筛选 ---
2026-08-23 00:47:28,150 [ERROR] 跳空上涨筛选失败: ('Connection aborted.', RemoteDisconnected('Remote end closed connection without response'))
2026-08-23 00:47:28,155 [INFO] --- [4/5] 放量日筛选 ---
2026-08-23 00:47:28,187 [ERROR] 放量日筛选失败: ('Connection aborted.', ConnectionResetError(10054, 'An existing connection was forcibly closed by the remote host', None, 10054, None))
2026-08-23 00:47:28,193 [INFO] --- [5/5] 区间涨幅筛选 ---
2026-08-23 00:47:28,221 [ERROR] 区间涨幅筛选失败: ('Connection aborted.', ConnectionResetError(10054, 'An existing connection was forcibly closed by the remote host', None, 10054, None))
2026-08-23 00:47:28,221 [INFO] ========== 策略筛选结果汇总 ==========
2026-08-23 00:47:28,231 [INFO]   合计信号数: 0
2026-08-23 00:47:28,237 [INFO] ========== 全策略筛选完成 ==========
2026-08-25 08:14:46,512 [INFO] ========== 全策略筛选开始 ==========
2026-08-25 08:14:46,514 [INFO] 筛选区间: 20260726 ~ 20260825
2026-08-25 08:14:46,514 [INFO] --- [1/5] 巨量上涨筛选 ---
2026-08-25 08:16:19,190 [ERROR] 巨量上涨筛选失败: 1146 (42S02): Table 'stockshare.st_daily' doesn't exist
2026-08-25 08:16:19,190 [INFO] --- [2/5] 向上跳空缺口筛选 ---
2026-08-25 08:17:39,486 [ERROR] 向上跳空缺口筛选失败: 1146 (42S02): Table 'stockshare.st_daily' doesn't exist
2026-08-25 08:17:39,486 [INFO] --- [3/5] 跳空上涨筛选 ---
2026-08-25 08:19:06,222 [ERROR] 跳空上涨筛选失败: 1146 (42S02): Table 'stockshare.st_daily' doesn't exist
2026-08-25 08:19:06,222 [INFO] --- [4/5] 放量日筛选 ---
2026-08-25 08:20:43,730 [ERROR] 放量日筛选失败: 1146 (42S02): Table 'stockshare.st_daily' doesn't exist
2026-08-25 08:20:43,730 [INFO] --- [5/5] 区间涨幅筛选 ---
2026-08-25 08:22:08,831 [ERROR] 区间涨幅筛选失败: 1146 (42S02): Table 'stockshare.st_daily' doesn't exist
2026-08-25 08:22:08,833 [INFO] ========== 策略筛选结果汇总 ==========
2026-08-25 08:22:08,833 [INFO]   合计信号数: 0
2026-08-25 08:22:08,833 [INFO] ========== 全策略筛选完成 ==========
2026-08-26 22:19:28,965 [INFO] ========== 全策略筛选开始 ==========
2026-08-26 22:19:28,966 [INFO] 筛选区间: 20260727 ~ 20260826
2026-08-26 22:19:28,966 [INFO] --- [1/5] 巨量上涨筛选 ---
2026-08-26 22:20:58,605 [INFO] 巨量上涨: 25 只
2026-08-26 22:20:58,606 [INFO] --- [2/5] 向上跳空缺口筛选 ---
2026-08-26 22:22:17,962 [INFO] 向上跳空缺口: 28 只
2026-08-26 22:22:17,962 [INFO] --- [3/5] 跳空上涨筛选 ---
2026-08-26 22:23:47,224 [INFO] 跳空上涨: 111 只
2026-08-26 22:23:47,224 [INFO] --- [4/5] 放量日筛选 ---
2026-08-26 22:25:20,866 [INFO] 放量日: 45 只
2026-08-26 22:25:20,866 [INFO] --- [5/5] 区间涨幅筛选 ---
2026-08-26 22:26:45,289 [INFO] 区间涨幅30%: 163 只
2026-08-26 22:26:45,290 [INFO] ========== 策略筛选结果汇总 ==========
2026-08-26 22:26:45,290 [INFO]   巨量上涨: 25 只
2026-08-26 22:26:45,290 [INFO]     000048.SZ
2026-08-26 22:26:45,290 [INFO]     000752.SZ
2026-08-26 22:26:45,291 [INFO]     000831.SZ
2026-08-26 22:26:45,291 [INFO]     002368.SZ
2026-08-26 22:26:45,291 [INFO]     002471.SZ
2026-08-26 22:26:45,291 [INFO]     002623.SZ
2026-08-26 22:26:45,291 [INFO]     002650.SZ
2026-08-26 22:26:45,291 [INFO]     300076.SZ
2026-08-26 22:26:45,292 [INFO]     300093.SZ
2026-08-26 22:26:45,292 [INFO]     300487.SZ
2026-08-26 22:26:45,292 [INFO]     300501.SZ
2026-08-26 22:26:45,292 [INFO]     300741.SZ
2026-08-26 22:26:45,292 [INFO]     300877.SZ
2026-08-26 22:26:45,292 [INFO]     300878.SZ
2026-08-26 22:26:45,292 [INFO]     300915.SZ
2026-08-26 22:26:45,293 [INFO]     300982.SZ
2026-08-26 22:26:45,293 [INFO]     300989.SZ
2026-08-26 22:26:45,293 [INFO]     301160.SZ
2026-08-26 22:26:45,293 [INFO]     301185.SZ
2026-08-26 22:26:45,293 [INFO]     301328.SZ
2026-08-26 22:26:45,293 [INFO]     ... 共 25 只，仅显示前20只
2026-08-26 22:26:45,294 [INFO]   向上跳空缺口: 28 只
2026-08-26 22:26:45,294 [INFO]     000017.SZ
2026-08-26 22:26:45,294 [INFO]     000710.SZ
2026-08-26 22:26:45,294 [INFO]     000711.SZ
2026-08-26 22:26:45,294 [INFO]     000931.SZ
2026-08-26 22:26:45,294 [INFO]     001367.SZ
2026-08-26 22:26:45,295 [INFO]     002038.SZ
2026-08-26 22:26:45,295 [INFO]     002073.SZ
2026-08-26 22:26:45,295 [INFO]     002209.SZ
2026-08-26 22:26:45,295 [INFO]     002412.SZ
2026-08-26 22:26:45,295 [INFO]     002491.SZ
2026-08-26 22:26:45,295 [INFO]     002667.SZ
2026-08-26 22:26:45,295 [INFO]     002686.SZ
2026-08-26 22:26:45,296 [INFO]     002743.SZ
2026-08-26 22:26:45,296 [INFO]     002903.SZ
2026-08-26 22:26:45,296 [INFO]     002997.SZ
2026-08-26 22:26:45,296 [INFO]     003040.SZ
2026-08-26 22:26:45,296 [INFO]     300142.SZ
2026-08-26 22:26:45,297 [INFO]     300399.SZ
2026-08-26 22:26:45,297 [INFO]     600335.SH
2026-08-26 22:26:45,297 [INFO]     600368.SH
2026-08-26 22:26:45,297 [INFO]     ... 共 28 只，仅显示前20只
2026-08-26 22:26:45,297 [INFO]   跳空上涨: 111 只
2026-08-26 22:26:45,297 [INFO]     000506.SZ
2026-08-26 22:26:45,298 [INFO]     000593.SZ
2026-08-26 22:26:45,298 [INFO]     000603.SZ
2026-08-26 22:26:45,298 [INFO]     000669.SZ
2026-08-26 22:26:45,298 [INFO]     000710.SZ
2026-08-26 22:26:45,298 [INFO]     000826.SZ
2026-08-26 22:26:45,298 [INFO]     000887.SZ
2026-08-26 22:26:45,299 [INFO]     001210.SZ
2026-08-26 22:26:45,299 [INFO]     001223.SZ
2026-08-26 22:26:45,299 [INFO]     001337.SZ
2026-08-26 22:26:45,299 [INFO]     002081.SZ
2026-08-26 22:26:45,299 [INFO]     002172.SZ
2026-08-26 22:26:45,299 [INFO]     002346.SZ
2026-08-26 22:26:45,300 [INFO]     002357.SZ
2026-08-26 22:26:45,300 [INFO]     002412.SZ
2026-08-26 22:26:45,300 [INFO]     002437.SZ
2026-08-26 22:26:45,300 [INFO]     002552.SZ
2026-08-26 22:26:45,300 [INFO]     002586.SZ
2026-08-26 22:26:45,301 [INFO]     002655.SZ
2026-08-26 22:26:45,301 [INFO]     002667.SZ
2026-08-26 22:26:45,301 [INFO]     ... 共 111 只，仅显示前20只
2026-08-26 22:26:45,301 [INFO]   放量日: 45 只
2026-08-26 22:26:45,301 [INFO]     000017.SZ
2026-08-26 22:26:45,301 [INFO]     000423.SZ
2026-08-26 22:26:45,302 [INFO]     000590.SZ
2026-08-26 22:26:45,302 [INFO]     000710.SZ
2026-08-26 22:26:45,302 [INFO]     000729.SZ
2026-08-26 22:26:45,302 [INFO]     000786.SZ
2026-08-26 22:26:45,302 [INFO]     000869.SZ
2026-08-26 22:26:45,303 [INFO]     000903.SZ
2026-08-26 22:26:45,303 [INFO]     000915.SZ
2026-08-26 22:26:45,303 [INFO]     000931.SZ
2026-08-26 22:26:45,303 [INFO]     001203.SZ
2026-08-26 22:26:45,303 [INFO]     001210.SZ
2026-08-26 22:26:45,303 [INFO]     001228.SZ
2026-08-26 22:26:45,303 [INFO]     001319.SZ
2026-08-26 22:26:45,303 [INFO]     001367.SZ
2026-08-26 22:26:45,304 [INFO]     002038.SZ
2026-08-26 22:26:45,304 [INFO]     002045.SZ
2026-08-26 22:26:45,304 [INFO]     002227.SZ
2026-08-26 22:26:45,304 [INFO]     002241.SZ
2026-08-26 22:26:45,304 [INFO]     002306.SZ
2026-08-26 22:26:45,304 [INFO]     ... 共 45 只，仅显示前20只
2026-08-26 22:26:45,304 [INFO]   区间涨幅30%: 163 只
2026-08-26 22:26:45,305 [INFO]     300862.SZ
2026-08-26 22:26:45,305 [INFO]     605179.SH
2026-08-26 22:26:45,305 [INFO]     002827.SZ
2026-08-26 22:26:45,305 [INFO]     002667.SZ
2026-08-26 22:26:45,305 [INFO]     600721.SH
2026-08-26 22:26:45,305 [INFO]     600613.SH
2026-08-26 22:26:45,305 [INFO]     301080.SZ
2026-08-26 22:26:45,305 [INFO]     003032.SZ
2026-08-26 22:26:45,305 [INFO]     002581.SZ
2026-08-26 22:26:45,305 [INFO]     300345.SZ
2026-08-26 22:26:45,305 [INFO]     301047.SZ
2026-08-26 22:26:45,305 [INFO]     301227.SZ
2026-08-26 22:26:45,305 [INFO]     603221.SH
2026-08-26 22:26:45,305 [INFO]     603580.SH
2026-08-26 22:26:45,306 [INFO]     300313.SZ
2026-08-26 22:26:45,306 [INFO]     603838.SH
2026-08-26 22:26:45,306 [INFO]     300684.SZ
2026-08-26 22:26:45,306 [INFO]     000506.SZ
2026-08-26 22:26:45,306 [INFO]     600272.SH
2026-08-26 22:26:45,306 [INFO]     001210.SZ
2026-08-26 22:26:45,306 [INFO]     ... 共 163 只，仅显示前20只
2026-08-26 22:26:45,306 [INFO]   合计信号数: 372
2026-08-26 22:26:45,306 [INFO] ========== 全策略筛选完成 ==========
2026-08-28 23:21:34,106 [INFO] ========== 全策略筛选开始 ==========
2026-08-28 23:21:34,107 [INFO] 筛选区间: 20260729 ~ 20260828
2026-08-28 23:21:34,107 [INFO] --- [1/5] 巨量上涨筛选 ---
2026-08-29 00:00:36,406 [INFO] ========== 全策略筛选开始 ==========
2026-08-29 00:00:36,406 [INFO] 筛选区间: 20260730 ~ 20260829
2026-08-29 00:00:36,406 [INFO] --- [1/5] 巨量上涨筛选 ---
2026-08-29 00:04:08,931 [INFO] 巨量上涨: 33 只
2026-08-29 00:04:08,932 [INFO] --- [2/5] 向上跳空缺口筛选 ---
2026-08-29 00:07:09,163 [INFO] 向上跳空缺口: 842 只
2026-08-29 00:07:09,163 [INFO] --- [3/5] 跳空上涨筛选 ---
2026-08-29 00:09:53,398 [INFO] 跳空上涨: 287 只
2026-08-29 00:09:53,398 [INFO] --- [4/5] 放量日筛选 ---
2026-08-29 00:13:12,552 [INFO] 放量日: 182 只
2026-08-29 00:13:12,554 [INFO] --- [5/5] 区间涨幅筛选 ---
2026-08-29 00:16:01,754 [INFO] 区间涨幅30%: 400 只
2026-08-29 00:16:01,754 [INFO] --- [6/6] 30日平緩上漲篩選 ---
2026-08-29 00:16:11,539 [INFO] 30日平緩上漲30%: 41 只
2026-08-29 00:16:11,540 [INFO] ========== 策略筛选结果汇总 ==========
2026-08-29 00:16:11,540 [INFO]   巨量上涨: 33 只
2026-08-29 00:16:11,540 [INFO]     000048.SZ
2026-08-29 00:16:11,541 [INFO]     000736.SZ
2026-08-29 00:16:11,541 [INFO]     000752.SZ
2026-08-29 00:16:11,541 [INFO]     000828.SZ
2026-08-29 00:16:11,541 [INFO]     000831.SZ
2026-08-29 00:16:11,541 [INFO]     001228.SZ
2026-08-29 00:16:11,542 [INFO]     001301.SZ
2026-08-29 00:16:11,542 [INFO]     002073.SZ
2026-08-29 00:16:11,542 [INFO]     002368.SZ
2026-08-29 00:16:11,542 [INFO]     002471.SZ
2026-08-29 00:16:11,543 [INFO]     002537.SZ
2026-08-29 00:16:11,543 [INFO]     002623.SZ
2026-08-29 00:16:11,543 [INFO]     002999.SZ
2026-08-29 00:16:11,544 [INFO]     300076.SZ
2026-08-29 00:16:11,544 [INFO]     300093.SZ
2026-08-29 00:16:11,544 [INFO]     300487.SZ
2026-08-29 00:16:11,544 [INFO]     300501.SZ
2026-08-29 00:16:11,545 [INFO]     300506.SZ
2026-08-29 00:16:11,545 [INFO]     300677.SZ
2026-08-29 00:16:11,545 [INFO]     300877.SZ
2026-08-29 00:16:11,546 [INFO]     ... 共 33 只，仅显示前20只
2026-08-29 00:16:11,546 [INFO]   向上跳空缺口: 842 只
2026-08-29 00:16:11,546 [INFO]     000017.SZ
2026-08-29 00:16:11,547 [INFO]     000059.SZ
2026-08-29 00:16:11,547 [INFO]     000560.SZ
2026-08-29 00:16:11,547 [INFO]     000636.SZ
2026-08-29 00:16:11,547 [INFO]     000712.SZ
2026-08-29 00:16:11,548 [INFO]     000807.SZ
2026-08-29 00:16:11,548 [INFO]     000878.SZ
2026-08-29 00:16:11,548 [INFO]     000928.SZ
2026-08-29 00:16:11,548 [INFO]     002058.SZ
2026-08-29 00:16:11,548 [INFO]     002084.SZ
2026-08-29 00:16:11,548 [INFO]     002155.SZ
2026-08-29 00:16:11,548 [INFO]     002190.SZ
2026-08-29 00:16:11,548 [INFO]     002212.SZ
2026-08-29 00:16:11,549 [INFO]     002230.SZ
2026-08-29 00:16:11,549 [INFO]     002232.SZ
2026-08-29 00:16:11,549 [INFO]     002279.SZ
2026-08-29 00:16:11,550 [INFO]     002354.SZ
2026-08-29 00:16:11,550 [INFO]     002396.SZ
2026-08-29 00:16:11,550 [INFO]     002430.SZ
2026-08-29 00:16:11,550 [INFO]     002439.SZ
2026-08-29 00:16:11,550 [INFO]     ... 共 842 只，仅显示前20只
2026-08-29 00:16:11,551 [INFO]   跳空上涨: 287 只
2026-08-29 00:16:11,551 [INFO]     000017.SZ
2026-08-29 00:16:11,551 [INFO]     000070.SZ
2026-08-29 00:16:11,551 [INFO]     000426.SZ
2026-08-29 00:16:11,553 [INFO]     000505.SZ
2026-08-29 00:16:11,553 [INFO]     000506.SZ
2026-08-29 00:16:11,553 [INFO]     000510.SZ
2026-08-29 00:16:11,553 [INFO]     000586.SZ
2026-08-29 00:16:11,553 [INFO]     000593.SZ
2026-08-29 00:16:11,553 [INFO]     000603.SZ
2026-08-29 00:16:11,553 [INFO]     000608.SZ
2026-08-29 00:16:11,554 [INFO]     000620.SZ
2026-08-29 00:16:11,554 [INFO]     000657.SZ
2026-08-29 00:16:11,554 [INFO]     000711.SZ
2026-08-29 00:16:11,554 [INFO]     000712.SZ
2026-08-29 00:16:11,554 [INFO]     000838.SZ
2026-08-29 00:16:11,555 [INFO]     000890.SZ
2026-08-29 00:16:11,555 [INFO]     000925.SZ
2026-08-29 00:16:11,555 [INFO]     000931.SZ
2026-08-29 00:16:11,555 [INFO]     000962.SZ
2026-08-29 00:16:11,556 [INFO]     001210.SZ
2026-08-29 00:16:11,556 [INFO]     ... 共 287 只，仅显示前20只
2026-08-29 00:16:11,556 [INFO]   放量日: 182 只
2026-08-29 00:16:11,556 [INFO]     000016.SZ
2026-08-29 00:16:11,557 [INFO]     000062.SZ
2026-08-29 00:16:11,557 [INFO]     000565.SZ
2026-08-29 00:16:11,557 [INFO]     000890.SZ
2026-08-29 00:16:11,557 [INFO]     000909.SZ
2026-08-29 00:16:11,558 [INFO]     000912.SZ
2026-08-29 00:16:11,558 [INFO]     000985.SZ
2026-08-29 00:16:11,558 [INFO]     001288.SZ
2026-08-29 00:16:11,558 [INFO]     001376.SZ
2026-08-29 00:16:11,558 [INFO]     002028.SZ
2026-08-29 00:16:11,559 [INFO]     002155.SZ
2026-08-29 00:16:11,560 [INFO]     002439.SZ
2026-08-29 00:16:11,560 [INFO]     002573.SZ
2026-08-29 00:16:11,560 [INFO]     002679.SZ
2026-08-29 00:16:11,560 [INFO]     002742.SZ
2026-08-29 00:16:11,560 [INFO]     002760.SZ
2026-08-29 00:16:11,560 [INFO]     002765.SZ
2026-08-29 00:16:11,560 [INFO]     002771.SZ
2026-08-29 00:16:11,560 [INFO]     002855.SZ
2026-08-29 00:16:11,561 [INFO]     002905.SZ
2026-08-29 00:16:11,561 [INFO]     ... 共 182 只，仅显示前20只
2026-08-29 00:16:11,561 [INFO]   区间涨幅30%: 400 只
2026-08-29 00:16:11,561 [INFO]     600613.SH
2026-08-29 00:16:11,561 [INFO]     301591.SZ
2026-08-29 00:16:11,561 [INFO]     600721.SH
2026-08-29 00:16:11,562 [INFO]     300862.SZ
2026-08-29 00:16:11,562 [INFO]     300684.SZ
2026-08-29 00:16:11,562 [INFO]     600127.SH
2026-08-29 00:16:11,562 [INFO]     603269.SH
2026-08-29 00:16:11,562 [INFO]     300903.SZ
2026-08-29 00:16:11,562 [INFO]     300313.SZ
2026-08-29 00:16:11,564 [INFO]     002412.SZ
2026-08-29 00:16:11,564 [INFO]     600272.SH
2026-08-29 00:16:11,564 [INFO]     000017.SZ
2026-08-29 00:16:11,564 [INFO]     300570.SZ
2026-08-29 00:16:11,565 [INFO]     002827.SZ
2026-08-29 00:16:11,565 [INFO]     300489.SZ
2026-08-29 00:16:11,565 [INFO]     301251.SZ
2026-08-29 00:16:11,565 [INFO]     301227.SZ
2026-08-29 00:16:11,565 [INFO]     600162.SH
2026-08-29 00:16:11,566 [INFO]     605179.SH
2026-08-29 00:16:11,566 [INFO]     603838.SH
2026-08-29 00:16:11,566 [INFO]     ... 共 400 只，仅显示前20只
2026-08-29 00:16:11,566 [INFO]   30日平緩上漲30%: 41 只
2026-08-29 00:16:11,566 [INFO]     001360.SZ
2026-08-29 00:16:11,566 [INFO]     300192.SZ
2026-08-29 00:16:11,566 [INFO]     002578.SZ
2026-08-29 00:16:11,567 [INFO]     002209.SZ
2026-08-29 00:16:11,567 [INFO]     300154.SZ
2026-08-29 00:16:11,567 [INFO]     002486.SZ
2026-08-29 00:16:11,567 [INFO]     002678.SZ
2026-08-29 00:16:11,567 [INFO]     000626.SZ
2026-08-29 00:16:11,567 [INFO]     300268.SZ
2026-08-29 00:16:11,569 [INFO]     002849.SZ
2026-08-29 00:16:11,569 [INFO]     000509.SZ
2026-08-29 00:16:11,569 [INFO]     300328.SZ
2026-08-29 00:16:11,569 [INFO]     002800.SZ
2026-08-29 00:16:11,569 [INFO]     000586.SZ
2026-08-29 00:16:11,570 [INFO]     000911.SZ
2026-08-29 00:16:11,570 [INFO]     002357.SZ
2026-08-29 00:16:11,570 [INFO]     002679.SZ
2026-08-29 00:16:11,570 [INFO]     000925.SZ
2026-08-29 00:16:11,571 [INFO]     002716.SZ
2026-08-29 00:16:11,571 [INFO]     000757.SZ
2026-08-29 00:16:11,571 [INFO]     ... 共 41 只，仅显示前20只
2026-08-29 00:16:11,571 [INFO]   合计信号数: 1785
2026-08-29 00:16:11,571 [INFO] ========== 全策略筛选完成 ==========
2026-08-29 22:07:21,230 [INFO] 2026-08-29 是周末，跳过策略筛选
2026-08-29 22:07:21,681 [ERROR] 查询 20261001 交易日历失败，保守跳过本次策略筛选: 抱歉，您访问接口(trade_cal)频率超限(1次/小时)，具体频次详情：https://tushare.pro/document/1?doc_id=108。
2026-08-31 11:23:13,389 [INFO] ========== 全策略筛选开始 ==========
2026-08-31 11:23:13,390 [INFO] 2026-08-30 是周末，跳过策略筛选
2026-08-31 11:23:13,390 [INFO] ========== 非交易日，本次策略任务结束 ==========
2026-08-31 15:19:41,748 [INFO] ========== 全策略筛选开始 ==========
2026-08-31 15:19:41,753 [INFO] 2026-08-30 是周末，跳过策略筛选
2026-08-31 15:19:41,757 [INFO] ========== 非交易日，本次策略任务结束 ==========
2026-09-03 18:58:21,665 [INFO] ========== 策略任务依赖检查开始 ==========
2026-09-03 18:58:26,331 [INFO] StockDailyUpdate status: state=Ready, last_run=2026-09-02T20:00:01.0000000+08:00, result=0, ran_after_20=False
2026-09-03 18:58:26,332 [WARNING] StockDailyUpdate 今天20:00后未正常完成，跳过策略任务
2026-09-03 20:02:00,830 [INFO] ========== 策略任务依赖检查开始 ==========
2026-09-03 20:02:03,618 [INFO] StockDailyUpdate status: state=Ready, last_run=2026-09-03T20:00:01.0000000+08:00, result=0, ran_after_20=True
2026-09-03 20:02:03,620 [INFO] StockDailyUpdate 已正常完成，开始执行策略任务
2026-09-03 20:02:05,841 [INFO] ========== 全策略筛选开始 ==========
2026-09-03 20:02:06,570 [ERROR] 查询 20260903 交易日历失败，保守跳过本次策略筛选: 抱歉，您访问接口(trade_cal)频率超限(1次/小时)，具体频次详情：https://tushare.pro/document/1?doc_id=108。
2026-09-03 20:02:06,572 [INFO] ========== 非交易日，本次策略任务结束 ==========
2026-09-03 20:02:06,719 [INFO] 策略任务退出码: 0
2026-09-04 20:02:02,407 [INFO] ========== 策略任务依赖检查开始 ==========
2026-09-04 20:02:06,236 [INFO] StockDailyUpdate status: state=Ready, last_run=2026-09-04T20:00:01.0000000+08:00, result=0, ran_after_20=True
2026-09-04 20:02:06,236 [INFO] StockDailyUpdate 已正常完成，开始执行策略任务
2026-09-04 20:02:08,379 [INFO] ========== 全策略筛选开始 ==========
2026-09-04 20:02:09,217 [INFO] 筛选区间: 20260805 ~ 20260904
2026-09-04 20:02:09,217 [INFO] --- [1/5] 巨量上涨筛选 ---
2026-09-04 20:04:41,879 [INFO] 巨量上涨: 40 只
2026-09-04 20:04:41,879 [INFO] --- [2/5] 向上跳空缺口筛选 ---
2026-09-04 20:06:55,874 [INFO] 向上跳空缺口: 23 只
2026-09-04 20:06:55,876 [INFO] --- [3/5] 跳空上涨筛选 ---
2026-09-04 20:09:58,686 [INFO] 跳空上涨: 95 只
2026-09-04 20:09:58,686 [INFO] --- [4/5] 放量日筛选 ---
2026-09-04 20:12:36,847 [INFO] 放量日: 97 只
2026-09-04 20:12:36,847 [INFO] --- [5/5] 区间涨幅筛选 ---
2026-09-04 20:16:20,009 [INFO] 区间涨幅30%: 131 只
2026-09-04 20:16:20,009 [INFO] --- [6/6] 30日平緩上漲篩選 ---
2026-09-04 20:16:41,551 [INFO] 30日平緩上漲30%: 61 只
2026-09-04 20:16:41,551 [INFO] ========== 策略筛选结果汇总 ==========
2026-09-04 20:16:41,551 [INFO]   巨量上涨: 40 只
2026-09-04 20:16:41,551 [INFO]     000581.SZ
2026-09-04 20:16:41,551 [INFO]     000736.SZ
2026-09-04 20:16:41,551 [INFO]     000828.SZ
2026-09-04 20:16:41,551 [INFO]     000831.SZ
2026-09-04 20:16:41,551 [INFO]     001228.SZ
2026-09-04 20:16:41,551 [INFO]     001301.SZ
2026-09-04 20:16:41,551 [INFO]     001872.SZ
2026-09-04 20:16:41,551 [INFO]     002003.SZ
2026-09-04 20:16:41,551 [INFO]     002034.SZ
2026-09-04 20:16:41,551 [INFO]     002073.SZ
2026-09-04 20:16:41,551 [INFO]     002537.SZ
2026-09-04 20:16:41,551 [INFO]     002999.SZ
2026-09-04 20:16:41,551 [INFO]     300076.SZ
2026-09-04 20:16:41,551 [INFO]     300107.SZ
2026-09-04 20:16:41,551 [INFO]     300195.SZ
2026-09-04 20:16:41,551 [INFO]     300677.SZ
2026-09-04 20:16:41,551 [INFO]     300838.SZ
2026-09-04 20:16:41,551 [INFO]     300877.SZ
2026-09-04 20:16:41,551 [INFO]     300915.SZ
2026-09-04 20:16:41,551 [INFO]     300921.SZ
2026-09-04 20:16:41,551 [INFO]     ... 共 40 只，仅显示前20只
2026-09-04 20:16:41,551 [INFO]   向上跳空缺口: 23 只
2026-09-04 20:16:41,551 [INFO]     000997.SZ
2026-09-04 20:16:41,551 [INFO]     001283.SZ
2026-09-04 20:16:41,551 [INFO]     002011.SZ
2026-09-04 20:16:41,551 [INFO]     002403.SZ
2026-09-04 20:16:41,551 [INFO]     002537.SZ
2026-09-04 20:16:41,551 [INFO]     002827.SZ
2026-09-04 20:16:41,551 [INFO]     002856.SZ
2026-09-04 20:16:41,551 [INFO]     300369.SZ
2026-09-04 20:16:41,551 [INFO]     300468.SZ
2026-09-04 20:16:41,551 [INFO]     300773.SZ
2026-09-04 20:16:41,551 [INFO]     600059.SH
2026-09-04 20:16:41,551 [INFO]     600185.SH
2026-09-04 20:16:41,551 [INFO]     600388.SH
2026-09-04 20:16:41,551 [INFO]     600929.SH
2026-09-04 20:16:41,551 [INFO]     603067.SH
2026-09-04 20:16:41,551 [INFO]     603123.SH
2026-09-04 20:16:41,551 [INFO]     603150.SH
2026-09-04 20:16:41,551 [INFO]     603162.SH
2026-09-04 20:16:41,562 [INFO]     603228.SH
2026-09-04 20:16:41,562 [INFO]     605088.SH
2026-09-04 20:16:41,562 [INFO]     ... 共 23 只，仅显示前20只
2026-09-04 20:16:41,562 [INFO]   跳空上涨: 95 只
2026-09-04 20:16:41,562 [INFO]     000017.SZ
2026-09-04 20:16:41,562 [INFO]     000506.SZ
2026-09-04 20:16:41,562 [INFO]     000560.SZ
2026-09-04 20:16:41,562 [INFO]     000610.SZ
2026-09-04 20:16:41,562 [INFO]     000892.SZ
2026-09-04 20:16:41,562 [INFO]     001210.SZ
2026-09-04 20:16:41,562 [INFO]     002081.SZ
2026-09-04 20:16:41,562 [INFO]     002084.SZ
2026-09-04 20:16:41,564 [INFO]     002104.SZ
2026-09-04 20:16:41,566 [INFO]     002328.SZ
2026-09-04 20:16:41,566 [INFO]     002412.SZ
2026-09-04 20:16:41,566 [INFO]     002418.SZ
2026-09-04 20:16:41,566 [INFO]     002437.SZ
2026-09-04 20:16:41,566 [INFO]     002528.SZ
2026-09-04 20:16:41,566 [INFO]     002536.SZ
2026-09-04 20:16:41,566 [INFO]     002631.SZ
2026-09-04 20:16:41,566 [INFO]     002667.SZ
2026-09-04 20:16:41,566 [INFO]     002708.SZ
2026-09-04 20:16:41,566 [INFO]     002811.SZ
2026-09-04 20:16:41,566 [INFO]     002827.SZ
2026-09-04 20:16:41,566 [INFO]     ... 共 95 只，仅显示前20只
2026-09-04 20:16:41,566 [INFO]   放量日: 97 只
2026-09-04 20:16:41,566 [INFO]     000017.SZ
2026-09-04 20:16:41,566 [INFO]     000026.SZ
2026-09-04 20:16:41,566 [INFO]     000058.SZ
2026-09-04 20:16:41,566 [INFO]     000400.SZ
2026-09-04 20:16:41,566 [INFO]     000702.SZ
2026-09-04 20:16:41,566 [INFO]     000752.SZ
2026-09-04 20:16:41,566 [INFO]     000860.SZ
2026-09-04 20:16:41,566 [INFO]     000876.SZ
2026-09-04 20:16:41,566 [INFO]     001201.SZ
2026-09-04 20:16:41,566 [INFO]     001222.SZ
2026-09-04 20:16:41,566 [INFO]     002006.SZ
2026-09-04 20:16:41,566 [INFO]     002058.SZ
2026-09-04 20:16:41,566 [INFO]     002059.SZ
2026-09-04 20:16:41,566 [INFO]     002157.SZ
2026-09-04 20:16:41,566 [INFO]     002163.SZ
2026-09-04 20:16:41,566 [INFO]     002177.SZ
2026-09-04 20:16:41,566 [INFO]     002299.SZ
2026-09-04 20:16:41,566 [INFO]     002438.SZ
2026-09-04 20:16:41,566 [INFO]     002472.SZ
2026-09-04 20:16:41,566 [INFO]     002537.SZ
2026-09-04 20:16:41,566 [INFO]     ... 共 97 只，仅显示前20只
2026-09-04 20:16:41,566 [INFO]   区间涨幅30%: 131 只
2026-09-04 20:16:41,566 [INFO]     600127.SH
2026-09-04 20:16:41,566 [INFO]     603269.SH
2026-09-04 20:16:41,566 [INFO]     920895.BJ
2026-09-04 20:16:41,566 [INFO]     300862.SZ
2026-09-04 20:16:41,566 [INFO]     002084.SZ
2026-09-04 20:16:41,566 [INFO]     600371.SH
2026-09-04 20:16:41,566 [INFO]     920087.BJ
2026-09-04 20:16:41,566 [INFO]     300684.SZ
2026-09-04 20:16:41,566 [INFO]     003040.SZ
2026-09-04 20:16:41,566 [INFO]     002855.SZ
2026-09-04 20:16:41,566 [INFO]     600613.SH
2026-09-04 20:16:41,566 [INFO]     300010.SZ
2026-09-04 20:16:41,566 [INFO]     301282.SZ
2026-09-04 20:16:41,566 [INFO]     300313.SZ
2026-09-04 20:16:41,566 [INFO]     600272.SH
2026-09-04 20:16:41,566 [INFO]     002581.SZ
2026-09-04 20:16:41,566 [INFO]     301591.SZ
2026-09-04 20:16:41,566 [INFO]     301251.SZ
2026-09-04 20:16:41,566 [INFO]     605577.SH
2026-09-04 20:16:41,566 [INFO]     601886.SH
2026-09-04 20:16:41,566 [INFO]     ... 共 131 只，仅显示前20只
2026-09-04 20:16:41,566 [INFO]   30日平緩上漲30%: 61 只
2026-09-04 20:16:41,566 [INFO]     300865.SZ
2026-09-04 20:16:41,566 [INFO]     605177.SH
2026-09-04 20:16:41,566 [INFO]     603176.SH
2026-09-04 20:16:41,566 [INFO]     300845.SZ
2026-09-04 20:16:41,566 [INFO]     603001.SH
2026-09-04 20:16:41,566 [INFO]     300855.SZ
2026-09-04 20:16:41,566 [INFO]     300192.SZ
2026-09-04 20:16:41,566 [INFO]     300883.SZ
2026-09-04 20:16:41,566 [INFO]     002578.SZ
2026-09-04 20:16:41,566 [INFO]     603922.SH
2026-09-04 20:16:41,566 [INFO]     301227.SZ
2026-09-04 20:16:41,566 [INFO]     301046.SZ
2026-09-04 20:16:41,566 [INFO]     601118.SH
2026-09-04 20:16:41,566 [INFO]     002209.SZ
2026-09-04 20:16:41,566 [INFO]     603217.SH
2026-09-04 20:16:41,566 [INFO]     300154.SZ
2026-09-04 20:16:41,579 [INFO]     301287.SZ
2026-09-04 20:16:41,579 [INFO]     300670.SZ
2026-09-04 20:16:41,580 [INFO]     002811.SZ
2026-09-04 20:16:41,580 [INFO]     002443.SZ
2026-09-04 20:16:41,580 [INFO]     ... 共 61 只，仅显示前20只
2026-09-04 20:16:41,580 [INFO]   合计信号数: 447
2026-09-04 20:16:41,580 [INFO] ========== 全策略筛选完成 ==========
2026-09-04 20:16:41,780 [INFO] 策略任务退出码: 0
2026-09-05 20:02:03,836 [INFO] ========== 策略任务依赖检查开始 ==========
2026-09-05 20:02:13,137 [INFO] StockDailyUpdate status: state=Running, last_run=2026-09-05T20:01:30.0000000+08:00, result=0, ran_after_20=True
2026-09-05 20:02:13,137 [WARNING] StockDailyUpdate 今天20:00后未正常完成，跳过策略任务
2026-09-07 20:02:02,200 [INFO] ========== 策略任务依赖检查开始 ==========
2026-09-07 20:02:04,910 [INFO] StockDailyUpdate status: state=Ready, last_run=2026-09-07T20:00:01.0000000+08:00, result=0, ran_after_20=True
2026-09-07 20:02:04,910 [INFO] StockDailyUpdate 已正常完成，开始执行策略任务
2026-09-07 20:02:05,853 [INFO] ========== 全策略筛选开始 ==========
2026-09-07 20:02:06,724 [INFO] 筛选区间: 20260808 ~ 20260907
2026-09-07 20:02:06,724 [INFO] --- [1/5] 巨量上涨筛选 ---
2026-09-07 20:04:44,550 [INFO] 巨量上涨: 34 只
2026-09-07 20:04:44,550 [INFO] --- [2/5] 向上跳空缺口筛选 ---
2026-09-07 20:07:21,837 [INFO] 向上跳空缺口: 31 只
2026-09-07 20:07:21,838 [INFO] --- [3/5] 跳空上涨筛选 ---
2026-09-07 20:10:00,544 [INFO] 跳空上涨: 79 只
2026-09-07 20:10:00,544 [INFO] --- [4/5] 放量日筛选 ---
2026-09-07 20:12:56,002 [INFO] 放量日: 42 只
2026-09-07 20:12:56,003 [INFO] --- [5/5] 区间涨幅筛选 ---
2026-09-07 20:15:34,064 [INFO] 区间涨幅30%: 108 只
2026-09-07 20:15:34,065 [INFO] --- [6/6] 30日平緩上漲篩選 ---
2026-09-07 20:15:47,904 [INFO] 30日平緩上漲30%: 76 只
2026-09-07 20:15:47,905 [INFO] ========== 策略筛选结果汇总 ==========
2026-09-07 20:15:47,905 [INFO]   巨量上涨: 34 只
2026-09-07 20:15:47,905 [INFO]     000581.SZ
2026-09-07 20:15:47,905 [INFO]     000736.SZ
2026-09-07 20:15:47,905 [INFO]     000828.SZ
2026-09-07 20:15:47,905 [INFO]     001228.SZ
2026-09-07 20:15:47,905 [INFO]     001301.SZ
2026-09-07 20:15:47,906 [INFO]     001872.SZ
2026-09-07 20:15:47,906 [INFO]     002003.SZ
2026-09-07 20:15:47,906 [INFO]     002034.SZ
2026-09-07 20:15:47,906 [INFO]     002073.SZ
2026-09-07 20:15:47,907 [INFO]     002537.SZ
2026-09-07 20:15:47,907 [INFO]     002999.SZ
2026-09-07 20:15:47,908 [INFO]     300107.SZ
2026-09-07 20:15:47,908 [INFO]     300195.SZ
2026-09-07 20:15:47,908 [INFO]     300677.SZ
2026-09-07 20:15:47,909 [INFO]     300838.SZ
2026-09-07 20:15:47,909 [INFO]     300877.SZ
2026-09-07 20:15:47,909 [INFO]     300921.SZ
2026-09-07 20:15:47,909 [INFO]     300933.SZ
2026-09-07 20:15:47,909 [INFO]     300989.SZ
2026-09-07 20:15:47,909 [INFO]     301149.SZ
2026-09-07 20:15:47,909 [INFO]     ... 共 34 只，仅显示前20只
2026-09-07 20:15:47,909 [INFO]   向上跳空缺口: 31 只
2026-09-07 20:15:47,909 [INFO]     000592.SZ
2026-09-07 20:15:47,910 [INFO]     000735.SZ
2026-09-07 20:15:47,910 [INFO]     000798.SZ
2026-09-07 20:15:47,910 [INFO]     000833.SZ
2026-09-07 20:15:47,910 [INFO]     000911.SZ
2026-09-07 20:15:47,910 [INFO]     001222.SZ
2026-09-07 20:15:47,910 [INFO]     001296.SZ
2026-09-07 20:15:47,910 [INFO]     001366.SZ
2026-09-07 20:15:47,910 [INFO]     002124.SZ
2026-09-07 20:15:47,910 [INFO]     002224.SZ
2026-09-07 20:15:47,910 [INFO]     002564.SZ
2026-09-07 20:15:47,910 [INFO]     002702.SZ
2026-09-07 20:15:47,910 [INFO]     002856.SZ
2026-09-07 20:15:47,910 [INFO]     002881.SZ
2026-09-07 20:15:47,910 [INFO]     300096.SZ
2026-09-07 20:15:47,911 [INFO]     300308.SZ
2026-09-07 20:15:47,911 [INFO]     300313.SZ
2026-09-07 20:15:47,911 [INFO]     300315.SZ
2026-09-07 20:15:47,911 [INFO]     301266.SZ
2026-09-07 20:15:47,911 [INFO]     600080.SH
2026-09-07 20:15:47,911 [INFO]     ... 共 31 只，仅显示前20只
2026-09-07 20:15:47,911 [INFO]   跳空上涨: 79 只
2026-09-07 20:15:47,911 [INFO]     000017.SZ
2026-09-07 20:15:47,911 [INFO]     000560.SZ
2026-09-07 20:15:47,911 [INFO]     000610.SZ
2026-09-07 20:15:47,911 [INFO]     000712.SZ
2026-09-07 20:15:47,911 [INFO]     000798.SZ
2026-09-07 20:15:47,911 [INFO]     000892.SZ
2026-09-07 20:15:47,911 [INFO]     001268.SZ
2026-09-07 20:15:47,912 [INFO]     001366.SZ
2026-09-07 20:15:47,912 [INFO]     002059.SZ
2026-09-07 20:15:47,912 [INFO]     002081.SZ
2026-09-07 20:15:47,912 [INFO]     002084.SZ
2026-09-07 20:15:47,912 [INFO]     002172.SZ
2026-09-07 20:15:47,912 [INFO]     002328.SZ
2026-09-07 20:15:47,912 [INFO]     002412.SZ
2026-09-07 20:15:47,912 [INFO]     002418.SZ
2026-09-07 20:15:47,912 [INFO]     002528.SZ
2026-09-07 20:15:47,912 [INFO]     002536.SZ
2026-09-07 20:15:47,912 [INFO]     002708.SZ
2026-09-07 20:15:47,912 [INFO]     002811.SZ
2026-09-07 20:15:47,912 [INFO]     002855.SZ
2026-09-07 20:15:47,913 [INFO]     ... 共 79 只，仅显示前20只
2026-09-07 20:15:47,913 [INFO]   放量日: 42 只
2026-09-07 20:15:47,913 [INFO]     000007.SZ
2026-09-07 20:15:47,913 [INFO]     000504.SZ
2026-09-07 20:15:47,913 [INFO]     000702.SZ
2026-09-07 20:15:47,913 [INFO]     000816.SZ
2026-09-07 20:15:47,913 [INFO]     000822.SZ
2026-09-07 20:15:47,913 [INFO]     000903.SZ
2026-09-07 20:15:47,914 [INFO]     002003.SZ
2026-09-07 20:15:47,914 [INFO]     002020.SZ
2026-09-07 20:15:47,914 [INFO]     002318.SZ
2026-09-07 20:15:47,914 [INFO]     002403.SZ
2026-09-07 20:15:47,914 [INFO]     002444.SZ
2026-09-07 20:15:47,915 [INFO]     002483.SZ
2026-09-07 20:15:47,915 [INFO]     002516.SZ
2026-09-07 20:15:47,915 [INFO]     002713.SZ
2026-09-07 20:15:47,915 [INFO]     002815.SZ
2026-09-07 20:15:47,915 [INFO]     002856.SZ
2026-09-07 20:15:47,915 [INFO]     300096.SZ
2026-09-07 20:15:47,915 [INFO]     300266.SZ
2026-09-07 20:15:47,915 [INFO]     300315.SZ
2026-09-07 20:15:47,915 [INFO]     300488.SZ
2026-09-07 20:15:47,915 [INFO]     ... 共 42 只，仅显示前20只
2026-09-07 20:15:47,915 [INFO]   区间涨幅30%: 108 只
2026-09-07 20:15:47,916 [INFO]     300862.SZ
2026-09-07 20:15:47,916 [INFO]     920895.BJ
2026-09-07 20:15:47,916 [INFO]     600127.SH
2026-09-07 20:15:47,916 [INFO]     600371.SH
2026-09-07 20:15:47,916 [INFO]     002084.SZ
2026-09-07 20:15:47,916 [INFO]     300684.SZ
2026-09-07 20:15:47,916 [INFO]     300010.SZ
2026-09-07 20:15:47,916 [INFO]     002855.SZ
2026-09-07 20:15:47,916 [INFO]     300313.SZ
2026-09-07 20:15:47,916 [INFO]     003040.SZ
2026-09-07 20:15:47,917 [INFO]     600613.SH
2026-09-07 20:15:47,917 [INFO]     920087.BJ
2026-09-07 20:15:47,917 [INFO]     605577.SH
2026-09-07 20:15:47,917 [INFO]     603269.SH
2026-09-07 20:15:47,917 [INFO]     301282.SZ
2026-09-07 20:15:47,917 [INFO]     601086.SH
2026-09-07 20:15:47,918 [INFO]     600540.SH
2026-09-07 20:15:47,918 [INFO]     301591.SZ
2026-09-07 20:15:47,918 [INFO]     002528.SZ
2026-09-07 20:15:47,918 [INFO]     920045.BJ
2026-09-07 20:15:47,918 [INFO]     ... 共 108 只，仅显示前20只
2026-09-07 20:15:47,918 [INFO]   30日平緩上漲30%: 76 只
2026-09-07 20:15:47,918 [INFO]     300865.SZ
2026-09-07 20:15:47,918 [INFO]     300845.SZ
2026-09-07 20:15:47,919 [INFO]     603176.SH
2026-09-07 20:15:47,919 [INFO]     603001.SH
2026-09-07 20:15:47,919 [INFO]     300855.SZ
2026-09-07 20:15:47,919 [INFO]     300192.SZ
2026-09-07 20:15:47,919 [INFO]     301212.SZ
2026-09-07 20:15:47,919 [INFO]     002578.SZ
2026-09-07 20:15:47,919 [INFO]     301227.SZ
2026-09-07 20:15:47,919 [INFO]     300883.SZ
2026-09-07 20:15:47,920 [INFO]     601118.SH
2026-09-07 20:15:47,920 [INFO]     603326.SH
2026-09-07 20:15:47,920 [INFO]     301003.SZ
2026-09-07 20:15:47,920 [INFO]     603922.SH
2026-09-07 20:15:47,920 [INFO]     002811.SZ
2026-09-07 20:15:47,920 [INFO]     300670.SZ
2026-09-07 20:15:47,920 [INFO]     301287.SZ
2026-09-07 20:15:47,920 [INFO]     300154.SZ
2026-09-07 20:15:47,920 [INFO]     301081.SZ
2026-09-07 20:15:47,921 [INFO]     603269.SH
2026-09-07 20:15:47,921 [INFO]     ... 共 76 只，仅显示前20只
2026-09-07 20:15:47,921 [INFO]   合计信号数: 370
2026-09-07 20:15:47,921 [INFO] ========== 全策略筛选完成 ==========
2026-09-07 20:15:48,013 [INFO] 策略任务退出码: 0
2026-09-08 20:02:02,273 [INFO] ========== 策略任务依赖检查开始 ==========
2026-09-08 20:02:04,311 [INFO] StockDailyUpdate status: state=Ready, last_run=2026-09-08T20:00:01.0000000+08:00, result=0, ran_after_20=True
2026-09-08 20:02:04,312 [INFO] StockDailyUpdate 已正常完成，开始执行策略任务
2026-09-08 20:02:05,377 [INFO] ========== 全策略筛选开始 ==========
2026-09-08 20:02:15,825 [ERROR] 查询 20260908 交易日历失败，保守跳过本次策略筛选: 抱歉，您访问接口(trade_cal)频率超限(1次/小时)，具体频次详情：https://tushare.pro/document/1?doc_id=108。
2026-09-08 20:02:15,826 [INFO] ========== 非交易日，本次策略任务结束 ==========
2026-09-08 20:02:15,911 [INFO] 策略任务退出码: 0
2026-09-11 20:02:01,973 [INFO] ========== 策略任务依赖检查开始 ==========
2026-09-11 20:02:05,149 [INFO] StockDailyUpdate status: state=Ready, last_run=2026-09-11T20:00:01.0000000+08:00, result=2, ran_after_20=True
2026-09-11 20:02:05,149 [WARNING] StockDailyUpdate 今天20:00后未正常完成，跳过策略任务
2026-09-14 20:02:17,901 [INFO] ========== 策略任务依赖检查开始 ==========
2026-09-14 20:03:47,546 [INFO] StockDailyUpdate status: state=Ready, last_run=2026-09-14T20:00:01.0000000+08:00, result=2, ran_after_20=True
2026-09-14 20:03:47,547 [WARNING] StockDailyUpdate 今天20:00后未正常完成，跳过策略任务
2026-09-15 20:23:22,524 [INFO] ========== 策略任务依赖检查开始 ==========
2026-09-15 20:23:25,270 [INFO] StockDailyUpdate status: state=Ready, last_run=2026-09-15T20:23:14.0000000+08:00, result=2, ran_after_20=True
2026-09-15 20:23:25,270 [WARNING] StockDailyUpdate 今天20:00后未正常完成，跳过策略任务
2026-09-16 20:02:01,786 [INFO] ========== 策略任务依赖检查开始 ==========
2026-09-16 20:02:05,230 [INFO] StockDailyUpdate status: state=Ready, last_run=2026-09-16T20:00:01.0000000+08:00, result=2, ran_after_20=True
2026-09-16 20:02:05,230 [WARNING] StockDailyUpdate 今天20:00后未正常完成，跳过策略任务
2026-09-19 20:02:02,372 [INFO] ========== 策略任务依赖检查开始 ==========
2026-09-19 20:02:05,849 [INFO] StockDailyUpdate status: state=Ready, last_run=2026-09-19T20:00:02.0000000+08:00, result=2, ran_after_20=True
2026-09-19 20:02:05,849 [WARNING] StockDailyUpdate 今天20:00后未正常完成，跳过策略任务
2026-09-20 20:02:01,419 [INFO] ========== 策略任务依赖检查开始 ==========
2026-09-20 20:02:04,108 [INFO] StockDailyUpdate status: state=Ready, last_run=2026-09-20T20:00:01.0000000+08:00, result=2, ran_after_20=True
2026-09-20 20:02:04,108 [WARNING] StockDailyUpdate 今天20:00后未正常完成，跳过策略任务
2026-09-21 20:02:01,530 [INFO] ========== 策略任务依赖检查开始 ==========
2026-09-21 20:02:04,353 [INFO] StockDailyUpdate status: state=Ready, last_run=2026-09-21T20:00:01.0000000+08:00, result=2, ran_after_20=True
2026-09-21 20:02:04,355 [WARNING] StockDailyUpdate 今天20:00后未正常完成，跳过策略任务
2026-09-22 20:02:01,965 [INFO] ========== 策略任务依赖检查开始 ==========
2026-09-22 20:02:04,777 [INFO] StockDailyUpdate status: state=Ready, last_run=2026-09-22T20:00:01.0000000+08:00, result=2, ran_after_20=True
2026-09-22 20:02:04,777 [WARNING] StockDailyUpdate 今天20:00后未正常完成，跳过策略任务
2026-09-24 20:02:02,408 [INFO] ========== 策略任务依赖检查开始 ==========
2026-09-24 20:02:06,704 [INFO] StockDailyUpdate status: state=Ready, last_run=2026-09-24T20:00:01.0000000+08:00, result=2, ran_after_20=True
2026-09-24 20:02:06,704 [WARNING] StockDailyUpdate 今天20:00后未正常完成，跳过策略任务
2026-09-27 20:02:01,611 [INFO] ========== 策略任务依赖检查开始 ==========
2026-09-27 20:02:03,998 [INFO] StockDailyUpdate status: state=Ready, last_run=2026-09-27T20:00:01.0000000+08:00, result=2, ran_after_20=True
2026-09-27 20:02:03,998 [WARNING] StockDailyUpdate 今天20:00后未正常完成，跳过策略任务
2026-09-27 20:37:38,350 [INFO] ========== 全策略筛选开始 ==========
2026-09-27 20:37:38,375 [INFO] 2026-09-27 是周末，跳过策略筛选
2026-09-27 20:37:38,375 [INFO] ========== 非交易日，本次策略任务结束 ==========
